/Users/ricardoceia/personal-projects/watchfetcher/apps/web/public/watches/rolex/datejust/126200.webp
/Users/ricardoceia/personal-projects/watchfetcher/apps/web/public/watches/rolex/datejust/126234.webp
/Users/ricardoceia/personal-projects/watchfetcher/apps/web/public/watches/rolex/datejust/126300.webp
/Users/ricardoceia/personal-projects/watchfetcher/apps/web/public/watches/rolex/datejust/126334.webp
/Users/ricardoceia/personal-projects/watchfetcher/apps/web/public/watches/rolex/datejust/116234.webp
/Users/ricardoceia/personal-projects/watchfetcher/apps/web/public/watches/rolex/day-date/228238.webp
/Users/ricardoceia/personal-projects/watchfetcher/apps/web/public/watches/rolex/day-date/228239.webp
/Users/ricardoceia/personal-projects/watchfetcher/apps/web/public/watches/rolex/day-date/228235.webp
/Users/ricardoceia/personal-projects/watchfetcher/apps/web/public/watches/rolex/day-date/118238.webp
/Users/ricardoceia/personal-projects/watchfetcher/apps/web/public/watches/rolex/explorer/124270.webp
/Users/ricardoceia/personal-projects/watchfetcher/apps/web/public/watches/rolex/explorer/214270.webp
/Users/ricardoceia/personal-projects/watchfetcher/apps/web/public/watches/rolex/explorer-ii/226570.webp
/Users/ricardoceia/personal-projects/watchfetcher/apps/web/public/watches/rolex/explorer-ii/216570.webp
/Users/ricardoceia/personal-projects/watchfetcher/apps/web/public/watches/rolex/explorer-ii/16570.webp
/Users/ricardoceia/personal-projects/watchfetcher/apps/web/public/watches/rolex/sea-dweller/126600.webp
/Users/ricardoceia/personal-projects/watchfetcher/apps/web/public/watches/rolex/sea-dweller/136660.webp
/Users/ricardoceia/personal-projects/watchfetcher/apps/web/public/watches/rolex/sea-dweller/116660.webp
/Users/ricardoceia/personal-projects/watchfetcher/apps/web/public/watches/rolex/sea-dweller/16600.webp
/Users/ricardoceia/personal-projects/watchfetcher/apps/web/public/watches/rolex/yacht-master/126622.webp
/Users/ricardoceia/personal-projects/watchfetcher/apps/web/public/watches/rolex/yacht-master/116622.webp
/Users/ricardoceia/personal-projects/watchfetcher/apps/web/public/watches/rolex/air-king/126900.webp
/Users/ricardoceia/personal-projects/watchfetcher/apps/web/public/watches/rolex/air-king/116900.webp
/Users/ricardoceia/personal-projects/watchfetcher/apps/web/public/watches/rolex/oyster-perpetual/124300.webp
/Users/ricardoceia/personal-projects/watchfetcher/apps/web/public/watches/rolex/oyster-perpetual/126000.webp
/Users/ricardoceia/personal-projects/watchfetcher/apps/web/public/watches/patek-philippe/nautilus/5711/1A-010.webp
/Users/ricardoceia/personal-projects/watchfetcher/apps/web/public/watches/patek-philippe/nautilus/5712/1A-001.webp
/Users/ricardoceia/personal-projects/watchfetcher/apps/web/public/watches/patek-philippe/nautilus/5980/1A-001.webp
/Users/ricardoceia/personal-projects/watchfetcher/apps/web/public/watches/patek-philippe/nautilus/3800/1A.webp
/Users/ricardoceia/personal-projects/watchfetcher/apps/web/public/watches/patek-philippe/aquanaut/5167A-001.webp
/Users/ricardoceia/personal-projects/watchfetcher/apps/web/public/watches/patek-philippe/aquanaut/5165A-001.webp
/Users/ricardoceia/personal-projects/watchfetcher/apps/web/public/watches/patek-philippe/aquanaut/5164A-001.webp
/Users/ricardoceia/personal-projects/watchfetcher/apps/web/public/watches/omega/speedmaster/311.30.42.30.01.005.webp
/Users/ricardoceia/personal-projects/watchfetcher/apps/web/public/watches/omega/seamaster-diver-300m/210.30.42.20.01.001.webp
/Users/ricardoceia/personal-projects/watchfetcher/apps/web/public/watches/omega/seamaster-diver-300m/210.30.42.20.03.001.webp
/Users/ricardoceia/personal-projects/watchfetcher/apps/web/public/watches/omega/seamaster-diver-300m/2254.50.00.webp
/Users/ricardoceia/personal-projects/watchfetcher/apps/web/public/watches/cartier/santos-de-cartier/WSSA0018.webp
/Users/ricardoceia/personal-projects/watchfetcher/apps/web/public/watches/panerai/luminor-marina/PAM01312.webp
/Users/ricardoceia/personal-projects/watchfetcher/apps/web/public/watches/iwc/big-pilot/IW329301.webp
/Users/ricardoceia/personal-projects/watchfetcher/apps/web/public/watches/iwc/big-pilot/IW501001.webp
